// Jest Snapshot v1, https://goo.gl/fbAQLP

exports[`Fetch routes using memory router should match snapshot 1`] = `
<Fragment>
  <BrowserRouter>
    <nav
      className="navContainer"
    >
      <NavLink
        className="nav"
        to="/people"
      >
        <img
          alt="Princess Leia"
          className="buttonImages"
          src="PrincessLeia.png"
        />
        <button>
          PEOPLE
        </button>
      </NavLink>
      <NavLink
        className="nav"
        to="/vehicles"
      >
        <img
          alt="Chewbacca"
          className="buttonImages"
          src="Chewbacca.png"
        />
        <button>
          VEHICLES
        </button>
      </NavLink>
      <NavLink
        className="nav"
        to="/planets"
      >
        <img
          alt="DeathStar"
          className="buttonImages"
          src="DeathStar.png"
        />
        <button>
          PLANETS
        </button>
      </NavLink>
      <NavLink
        className="nav"
        to="/favorites"
      >
        <img
          alt="Yoda"
          className="buttonImages"
          src="Yoda.png"
        />
        <button>
          FAVORITES
        </button>
      </NavLink>
    </nav>
    <Switch>
      <Route
        exact={true}
        path="/people"
        render={[Function]}
      />
      <Route
        path="/vehicles"
        render={[Function]}
      />
      <Route
        path="/planets"
        render={[Function]}
      />
      <Route
        path="/favorites"
        render={[Function]}
      />
      <Route
        component={[Function]}
      />
    </Switch>
  </BrowserRouter>
</Fragment>
`;
